[0;1;32;40m                        [37m                [32m                                
          мллм    мллм  [37m  мллллллллллм  [32m  мллллллллллм    мллм    мллм  
          лллл    лллл  [37m  ллллпппплллл  [32m  лллллллллллп    лллл  мллллп  
          лллллллллллл  [37m  лллл    лллл  [32m  лллл            ллллмллллп    
          лллллллллллл  [37m  лллллллллллл  [32m  лллл            лллллллллм    
          лллл    лллл  [37m  ллллпппплллл  [32m  лллллллллллм    лллллппллллм  
          пллп    пллп  [37m  пллп    пллп  [32m  пллллллллллп    пллп    пллп  
                        [37m                [32m                                
                                        [37m                [32m  мм  мммммммм  
          мллм            мллллллллллм  [37m  мллллллллллм  [32m  лл  ллпппплл  
          лллл            ллллпппплллл  [37m  ллллпппплллл  [32m  лл  ллммммлл  
          лллл            лллл    лллл  [37m  ллллммммлллл  [32m  лл  пппппппп  
          лллл            лллллллллллл  [37m  ллллпппплллл  [32m  лл        лл  
          лллллллллллм    ллллпппплллл  [37m  ллллммммлллл  [32m  лл        лл  
          пллллллллллп    пллп    пллп  [37m  пллллллллллп  [32m  лл  лллллллл  
                                        [37m                [32m                
        [37m                                                [32m  мм  мммммм    
        [37m          мллм    мллм    мллм    мллм          [32m  лл  ллпплл    
        [37m          лллл    лллл  мллллп    лллл          [32m  лл  ллммллмм  
        [37m          лллл    ллллмллллп      лллл          [32m  лл  пппппппп  
        [37m          лллл    лллллллллм      лллл          [32m  лл  лллллллл  
        [37m  мллллллллллл    лллллппллллм    лллллллллллм  [32m  лл  лл  лл    
        [37m  пллллллллллп    пллп    пллп    пллллллллллп  [32m  лл  лллллл    [0m
