                                                                        
          лллл    лллл    лллллллллллл    лллллллллллл    лллл    мллл  
          лллл    лллл    ллллпппплллл    лллллллллллл    лллл  мллллп  
          лллллллллллл    лллл    лллл    лллл            ллллмллллп    
          лллллллллллл    лллллллллллл    лллл            лллллллллм    
          лллл    лллл    ллллпппплллл    лллллллллллл    лллллппллллм  
          лллл    лллл    лллл    лллл    лллллллллллл    лллл    пллл  
                                                                        
                                                          мм  мммммммм  
          лллл            лллллллллллл    лллллллллллл    лл  ллпппплл  
          лллл            ллллпппплллл    ллллпппплллл    лл  ллммммлл  
          лллл            лллл    лллл    ллллммммлллл    лл  пппппппп  
          лллл            лллллллллллл    ллллпппплллл    лл        лл  
          лллллллллллл    ллллпппплллл    ллллммммлллл    лл        лл  
          лллллллллллл    лллл    лллл    лллллллллллл    лл  лллллллл  
                                                                        
                                                          мм  мммммм    
                  лллл    лллл    мллл    лллл            лл  ллпплл    
                  лллл    лллл  мллллп    лллл            лл  ллммллмм  
                  лллл    ллллмллллп      лллл            лл  пппппппп  
                  лллл    лллллллллм      лллл            лл  лллллллл  
          лллллллллллл    лллллппллллм    лллллллллллл    лл  лл  лл    
          лллллллллллл    лллл    пллл    лллллллллллл    лл  лллллл    
