                                                                        
          мллм    мллм    мллллллллллм    мллллллллллм    мллм    мллм  
          лллл    лллл    ллллпппплллл    лллллллллллп    лллл  мллллп  
          лллллллллллл    лллл    лллл    лллл            ллллмллллп    
          лллллллллллл    лллллллллллл    лллл            лллллллллм    
          лллл    лллл    ллллпппплллл    лллллллллллм    лллллппллллм  
          пллп    пллп    пллп    пллп    пллллллллллп    пллп    пллп  
                                                                        
                                                          мм  мммммммм  
          мллм            мллллллллллм    мллллллллллм    лл  ллпппплл  
          лллл            ллллпппплллл    ллллпппплллл    лл  ллммммлл  
          лллл            лллл    лллл    ллллммммлллл    лл  пппппппп  
          лллл            лллллллллллл    ллллпппплллл    лл        лл  
          лллллллллллм    ллллпппплллл    ллллммммлллл    лл        лл  
          пллллллллллп    пллп    пллп    пллллллллллп    лл  лллллллл  
                                                                        
                                                          мм  мммммм    
                  мллм    мллм    мллм    мллм            лл  ллпплл    
                  лллл    лллл  мллллп    лллл            лл  ллммллмм  
                  лллл    ллллмллллп      лллл            лл  пппппппп  
                  лллл    лллллллллм      лллл            лл  лллллллл  
          мллллллллллл    лллллппллллм    лллллллллллм    лл  лл  лл    
          пллллллллллп    пллп    пллп    пллллллллллп    лл  лллллл    
