[0;1;32;40m                        [37m                [32m                                
          лллл    лллл  [37m  лллллллллллл  [32m  лллллллллллл    лллл    мллл  
          лллл    лллл  [37m  ллллпппплллл  [32m  лллллллллллл    лллл  мллллп  
          лллллллллллл  [37m  лллл    лллл  [32m  лллл            ллллмллллп    
          лллллллллллл  [37m  лллллллллллл  [32m  лллл            лллллллллм    
          лллл    лллл  [37m  ллллпппплллл  [32m  лллллллллллл    лллллппллллм  
          лллл    лллл  [37m  лллл    лллл  [32m  лллллллллллл    лллл    пллл  
                        [37m                [32m                                
                                        [37m                [32m  мм  мммммммм  
          лллл            лллллллллллл  [37m  лллллллллллл  [32m  лл  ллпппплл  
          лллл            ллллпппплллл  [37m  ллллпппплллл  [32m  лл  ллммммлл  
          лллл            лллл    лллл  [37m  ллллммммлллл  [32m  лл  пппппппп  
          лллл            лллллллллллл  [37m  ллллпппплллл  [32m  лл        лл  
          лллллллллллл    ллллпппплллл  [37m  ллллммммлллл  [32m  лл        лл  
          лллллллллллл    лллл    лллл  [37m  лллллллллллл  [32m  лл  лллллллл  
                                        [37m                [32m                
        [37m                                                [32m  мм  мммммм    
        [37m          лллл    лллл    мллл    лллл          [32m  лл  ллпплл    
        [37m          лллл    лллл  мллллп    лллл          [32m  лл  ллммллмм  
        [37m          лллл    ллллмллллп      лллл          [32m  лл  пппппппп  
        [37m          лллл    лллллллллм      лллл          [32m  лл  лллллллл  
        [37m  лллллллллллл    лллллппллллм    лллллллллллл  [32m  лл  лл  лл    
        [37m  лллллллллллл    лллл    пллл    лллллллллллл  [32m  лл  лллллл    [0m
